
Memory Configuration

Name             Origin             Length             Attributes
*default*        0x0000000000000000 0xffffffffffffffff

Linker script and memory map

Address of section .text set to 0xc0001500
LOAD out/main.o
LOAD out/init.o
LOAD out/interrupt.o
LOAD out/timer.o
LOAD out/kernel.o
LOAD out/print.o
LOAD out/debug.o
LOAD out/memory.o
LOAD out/bitmap.o
LOAD out/string.o
LOAD out/thread.o
LOAD out/list.o
LOAD out/switch.o
LOAD out/console.o
LOAD out/sync.o
LOAD out/keyboard.o
LOAD out/ioqueue.o
LOAD out/tss.o
LOAD out/process.o
LOAD out/syscall.o
LOAD out/syscall-init.o
LOAD out/stdio.o
                [!provide]                        PROVIDE (__executable_start = SEGMENT_START ("text-segment", 0x8048000))
                0x0000000008048074                . = (SEGMENT_START ("text-segment", 0x8048000) + SIZEOF_HEADERS)

.interp
 *(.interp)

.note.gnu.build-id
 *(.note.gnu.build-id)

.hash
 *(.hash)

.gnu.hash
 *(.gnu.hash)

.dynsym
 *(.dynsym)

.dynstr
 *(.dynstr)

.gnu.version
 *(.gnu.version)

.gnu.version_d
 *(.gnu.version_d)

.gnu.version_r
 *(.gnu.version_r)

.rel.dyn        0x0000000008048074        0x0
 *(.rel.init)
 *(.rel.text .rel.text.* .rel.gnu.linkonce.t.*)
 *(.rel.fini)
 *(.rel.rodata .rel.rodata.* .rel.gnu.linkonce.r.*)
 *(.rel.data.rel.ro .rel.data.rel.ro.* .rel.gnu.linkonce.d.rel.ro.*)
 *(.rel.data .rel.data.* .rel.gnu.linkonce.d.*)
 *(.rel.tdata .rel.tdata.* .rel.gnu.linkonce.td.*)
 *(.rel.tbss .rel.tbss.* .rel.gnu.linkonce.tb.*)
 *(.rel.ctors)
 *(.rel.dtors)
 *(.rel.got)
 .rel.got       0x0000000008048074        0x0 out/main.o
 *(.rel.bss .rel.bss.* .rel.gnu.linkonce.b.*)
 *(.rel.ifunc)

.rel.plt        0x0000000008048074        0x0
 *(.rel.plt)
                [!provide]                        PROVIDE (__rel_iplt_start = .)
 *(.rel.iplt)
 .rel.iplt      0x0000000008048074        0x0 out/main.o
                [!provide]                        PROVIDE (__rel_iplt_end = .)

.relr.dyn
 *(.relr.dyn)

.init
 *(SORT_NONE(.init))

.plt            0x0000000008048074        0x0
 *(.plt)
 *(.iplt)
 .iplt          0x0000000008048074        0x0 out/main.o

.plt.got
 *(.plt.got)

.plt.sec
 *(.plt.sec)

.text           0x00000000c0001500     0x4189
 *(.text.unlikely .text.*_unlikely .text.unlikely.*)
 *(.text.exit .text.exit.*)
 *(.text.startup .text.startup.*)
 *(.text.hot .text.hot.*)
 *(SORT_BY_NAME(.text.sorted.*))
 *(.text .stub .text.* .gnu.linkonce.t.*)
 .text          0x00000000c0001500      0x339 out/main.o
                0x00000000c0001500                main
                0x00000000c0001589                k_thread_a
                0x00000000c0001638                k_thread_b
                0x00000000c00016e7                u_prog_a
                0x00000000c0001790                u_prog_b
 .text          0x00000000c0001839       0x41 out/init.o
                0x00000000c0001839                init_all
 .text          0x00000000c000187a      0x464 out/interrupt.o
                0x00000000c0001bce                intr_enable
                0x00000000c0001bf7                intr_disable
                0x00000000c0001c20                intr_set_status
                0x00000000c0001c3e                intr_get_status
                0x00000000c0001c5b                register_handler
                0x00000000c0001c78                idt_init
 .text          0x00000000c0001cde      0x179 out/timer.o
                0x00000000c0001e04                timer_init
 *fill*         0x00000000c0001e57        0x9 
 .text          0x00000000c0001e60      0x565 out/kernel.o
                0x00000000c0001e60                intr_exit
                0x00000000c00023a1                syscall_handler
 *fill*         0x00000000c00023c5        0xb 
 .text          0x00000000c00023d0      0x14e out/print.o
                0x00000000c00023d0                put_int
                0x00000000c0002433                put_str
                0x00000000c0002451                put_char
                0x00000000c0002500                set_cursor
 .text          0x00000000c000251e       0xd6 out/debug.o
                0x00000000c000251e                panic_spin
 .text          0x00000000c00025f4     0x10c2 out/memory.o
                0x00000000c000270b                pte_ptr
                0x00000000c000273b                pde_ptr
                0x00000000c00028b6                malloc_page
                0x00000000c0002978                get_kernel_pages
                0x00000000c00029d3                get_user_pages
                0x00000000c0002a28                get_a_page
                0x00000000c0002b83                addr_v2p
                0x00000000c0002dae                block_desc_init
                0x00000000c0002e6a                sys_malloc
                0x00000000c000319c                pfree
                0x00000000c00032bd                mfree_page
                0x00000000c000347e                sys_free
                0x00000000c0003665                mem_init
 .text          0x00000000c00036b6      0x243 out/bitmap.o
                0x00000000c00036b6                bitmap_init
                0x00000000c00036d9                bitmap_scan_test
                0x00000000c0003718                bitmap_scan
                0x00000000c0003843                bitmap_set
 .text          0x00000000c00038f9      0x3ce out/string.o
                0x00000000c00038f9                memset
                0x00000000c000394c                memcpy
                0x00000000c00039ad                memcmp
                0x00000000c0003a30                strcpy
                0x00000000c0003a85                strlen
                0x00000000c0003acc                strcmp
                0x00000000c0003b45                strchr
                0x00000000c0003b9d                strrchr
                0x00000000c0003bfb                strcat
                0x00000000c0003c65                strchrs
 .text          0x00000000c0003cc7      0x5bc out/thread.o
                0x00000000c0003d06                running_thread
                0x00000000c0003d37                thread_create
                0x00000000c0003dae                init_thread
                0x00000000c0003e53                thread_start
                0x00000000c0003fa6                schedule
                0x00000000c00040c8                thread_block
                0x00000000c000412b                thread_unblock
                0x00000000c0004225                thread_init
 .text          0x00000000c0004283      0x1f1 out/list.o
                0x00000000c0004283                list_init
                0x00000000c00042b1                list_insert_before
                0x00000000c00042f6                list_push
                0x00000000c0004314                list_append
                0x00000000c0004332                list_remove
                0x00000000c000436c                list_pop
                0x00000000c000438e                elem_find
                0x00000000c00043c9                list_traversal
                0x00000000c0004426                list_len
                0x00000000c000445b                list_empty
 *fill*         0x00000000c0004474        0xc 
 .text          0x00000000c0004480       0x15 out/switch.o
                0x00000000c0004480                switch_to
 .text          0x00000000c0004495       0xb6 out/console.o
                0x00000000c0004495                console_init
                0x00000000c00044ae                console_acquire
                0x00000000c00044c7                console_release
                0x00000000c00044e0                console_put_str
                0x00000000c0004501                console_put_char
                0x00000000c000452a                console_put_int
 .text          0x00000000c000454b      0x311 out/sync.o
                0x00000000c000454b                sema_init
                0x00000000c0004575                lock_init
                0x00000000c00045a5                sema_down
                0x00000000c00046a0                sema_up
                0x00000000c000474f                lock_acquire
                0x00000000c00047c4                lock_release
 .text          0x00000000c000485c      0x300 out/keyboard.o
                0x00000000c0004b11                keyboard_init
 .text          0x00000000c0004b5c      0x2e0 out/ioqueue.o
                0x00000000c0004b5c                ioqueue_init
                0x00000000c0004bb6                ioq_full
                0x00000000c0004ccb                ioq_getchar
                0x00000000c0004d82                ioq_putchar
 .text          0x00000000c0004e3c      0x185 out/tss.o
                0x00000000c0004e3c                update_tss_esp
                0x00000000c0004eb7                tss_init
 .text          0x00000000c0004fc1      0x363 out/process.o
                0x00000000c0004fc1                start_process
                0x00000000c00050c6                page_dir_activate
                0x00000000c00050fb                process_activate
                0x00000000c0005149                create_page_dir
                0x00000000c00051c1                create_user_vaddr_bitmap
                0x00000000c000520b                process_execute
 .text          0x00000000c0005324       0x6d out/syscall.o
                0x00000000c0005324                getpid
                0x00000000c0005339                write
                0x00000000c0005357                malloc
                0x00000000c0005375                free
 .text          0x00000000c0005391       0x87 out/syscall-init.o
                0x00000000c0005391                sys_getpid
                0x00000000c00053a3                sys_write
                0x00000000c00053c7                syscall_init
 .text          0x00000000c0005418      0x271 out/stdio.o
                0x00000000c000549f                vspringf
                0x00000000c00055f4                printf
                0x00000000c0005659                sprintf
 *(.gnu.warning)

.fini
 *(SORT_NONE(.fini))
                [!provide]                        PROVIDE (__etext = .)
                [!provide]                        PROVIDE (_etext = .)
                [!provide]                        PROVIDE (etext = .)

.rodata         0x00000000c000568c      0xfc3
 *(.rodata .rodata.* .gnu.linkonce.r.*)
 .rodata        0x00000000c000568c      0x13b out/main.o
 .rodata        0x00000000c00057c7        0xa out/init.o
 *fill*         0x00000000c00057d1        0x3 
 .rodata        0x00000000c00057d4      0x2cd out/interrupt.o
 *fill*         0x00000000c0005aa1        0x3 
 .rodata        0x00000000c0005aa4       0x6b out/timer.o
 .rodata        0x00000000c0005b0f       0x3f out/debug.o
 *fill*         0x00000000c0005b4e        0x2 
 .rodata        0x00000000c0005b50      0x3bd out/memory.o
 *fill*         0x00000000c0005f0d        0x3 
 .rodata        0x00000000c0005f10       0x6b out/bitmap.o
 *fill*         0x00000000c0005f7b        0x1 
 .rodata        0x00000000c0005f7c       0xc4 out/string.o
 .rodata        0x00000000c0006040      0x2cb out/thread.o
 *fill*         0x00000000c000630b        0x1 
 .rodata        0x00000000c000630c      0x135 out/sync.o
 .rodata        0x00000000c0006441       0x36 out/keyboard.o
 *fill*         0x00000000c0006477        0x1 
 .rodata        0x00000000c0006478       0xa8 out/ioqueue.o
 .rodata        0x00000000c0006520       0x27 out/tss.o
 *fill*         0x00000000c0006547        0x1 
 .rodata        0x00000000c0006548       0xe0 out/process.o
 .rodata        0x00000000c0006628       0x27 out/syscall-init.o

.rodata1
 *(.rodata1)

.eh_frame_hdr
 *(.eh_frame_hdr)
 *(.eh_frame_entry .eh_frame_entry.*)

.eh_frame
 *(.eh_frame)
 *(.eh_frame.*)

.gcc_except_table
 *(.gcc_except_table .gcc_except_table.*)

.gnu_extab
 *(.gnu_extab*)

.exception_ranges
 *(.exception_ranges*)
                0x00000000c0007000                . = DATA_SEGMENT_ALIGN (CONSTANT (MAXPAGESIZE), CONSTANT (COMMONPAGESIZE))

.eh_frame
 *(.eh_frame)
 *(.eh_frame.*)

.gnu_extab
 *(.gnu_extab)

.gcc_except_table
 *(.gcc_except_table .gcc_except_table.*)

.exception_ranges
 *(.exception_ranges*)

.tdata          0x00000000c0007000        0x0
                [!provide]                        PROVIDE (__tdata_start = .)
 *(.tdata .tdata.* .gnu.linkonce.td.*)

.tbss
 *(.tbss .tbss.* .gnu.linkonce.tb.*)
 *(.tcommon)

.preinit_array  0x00000000c0007000        0x0
                [!provide]                        PROVIDE (__preinit_array_start = .)
 *(.preinit_array)
                [!provide]                        PROVIDE (__preinit_array_end = .)

.init_array     0x00000000c0007000        0x0
                [!provide]                        PROVIDE (__init_array_start = .)
 *(SORT_BY_INIT_PRIORITY(.init_array.*) SORT_BY_INIT_PRIORITY(.ctors.*))
 *(.init_array EXCLUDE_FILE(*crtend?.o *crtend.o *crtbegin?.o *crtbegin.o) .ctors)
                [!provide]                        PROVIDE (__init_array_end = .)

.fini_array     0x00000000c0007000        0x0
                [!provide]                        PROVIDE (__fini_array_start = .)
 *(SORT_BY_INIT_PRIORITY(.fini_array.*) SORT_BY_INIT_PRIORITY(.dtors.*))
 *(.fini_array EXCLUDE_FILE(*crtend?.o *crtend.o *crtbegin?.o *crtbegin.o) .dtors)
                [!provide]                        PROVIDE (__fini_array_end = .)

.ctors
 *crtbegin.o(.ctors)
 *crtbegin?.o(.ctors)
 *(EXCLUDE_FILE(*crtend?.o *crtend.o) .ctors)
 *(SORT_BY_NAME(.ctors.*))
 *(.ctors)

.dtors
 *crtbegin.o(.dtors)
 *crtbegin?.o(.dtors)
 *(EXCLUDE_FILE(*crtend?.o *crtend.o) .dtors)
 *(SORT_BY_NAME(.dtors.*))
 *(.dtors)

.jcr
 *(.jcr)

.data.rel.ro
 *(.data.rel.ro.local* .gnu.linkonce.d.rel.ro.local.*)
 *(.data.rel.ro .data.rel.ro.* .gnu.linkonce.d.rel.ro.*)

.dynamic
 *(.dynamic)

.got            0x00000000c0007000        0x0
 *(.got)
 .got           0x00000000c0007000        0x0 out/main.o
 *(.igot)
                0x00000000c0007000                . = DATA_SEGMENT_RELRO_END (., (SIZEOF (.got.plt) >= 0xc)?0xc:0x0)

.got.plt        0x00000000c0007000        0x0
 *(.got.plt)
 .got.plt       0x00000000c0007000        0x0 out/main.o
 *(.igot.plt)
 .igot.plt      0x00000000c0007000        0x0 out/main.o

.data           0x00000000c0007000      0x156
 *(.data .data.* .gnu.linkonce.d.*)
 .data          0x00000000c0007000        0x0 out/main.o
 .data          0x00000000c0007000        0x0 out/init.o
 .data          0x00000000c0007000        0x0 out/interrupt.o
 .data          0x00000000c0007000        0x0 out/timer.o
 .data          0x00000000c0007000       0xd2 out/kernel.o
                0x00000000c0007012                intr_entry_table
 *fill*         0x00000000c00070d2        0x2 
 .data          0x00000000c00070d4        0x8 out/print.o
 .data          0x00000000c00070dc        0x0 out/debug.o
 .data          0x00000000c00070dc        0x0 out/memory.o
 .data          0x00000000c00070dc        0x0 out/bitmap.o
 .data          0x00000000c00070dc        0x0 out/string.o
 .data          0x00000000c00070dc        0x0 out/thread.o
 .data          0x00000000c00070dc        0x0 out/list.o
 .data          0x00000000c00070dc        0x0 out/console.o
 .data          0x00000000c00070dc        0x0 out/sync.o
 *fill*         0x00000000c00070dc        0x4 
 .data          0x00000000c00070e0       0x76 out/keyboard.o
 .data          0x00000000c0007156        0x0 out/ioqueue.o
 .data          0x00000000c0007156        0x0 out/tss.o
 .data          0x00000000c0007156        0x0 out/process.o
 .data          0x00000000c0007156        0x0 out/syscall.o
 .data          0x00000000c0007156        0x0 out/syscall-init.o
 .data          0x00000000c0007156        0x0 out/stdio.o

.data1
 *(.data1)
                0x00000000c0007156                _edata = .
                [!provide]                        PROVIDE (edata = .)
                0x00000000c0007156                . = .
                0x00000000c0007156                __bss_start = .

.bss            0x00000000c0007160      0xba0
 *(.dynbss)
 *(.bss .bss.* .gnu.linkonce.b.*)
 .bss           0x00000000c0007160       0x10 out/main.o
                0x00000000c0007160                test_var_a
                0x00000000c0007164                test_var_b
                0x00000000c0007168                prog_a_pid
                0x00000000c000716c                prog_b_pid
 .bss           0x00000000c0007170        0x0 out/init.o
 *fill*         0x00000000c0007170       0x10 
 .bss           0x00000000c0007180      0x848 out/interrupt.o
                0x00000000c0007180                intr_name
                0x00000000c00073a0                idt_table
 .bss           0x00000000c00079c8        0x4 out/timer.o
                0x00000000c00079c8                ticks
 .bss           0x00000000c00079cc        0x0 out/debug.o
 *fill*         0x00000000c00079cc       0x14 
 .bss           0x00000000c00079e0      0x138 out/memory.o
                0x00000000c00079e0                k_block_descs
                0x00000000c0007aa0                kernel_pool
                0x00000000c0007ae0                user_pool
                0x00000000c0007b0c                kernel_vaddr
 .bss           0x00000000c0007b18        0x0 out/bitmap.o
 .bss           0x00000000c0007b18        0x0 out/string.o
 .bss           0x00000000c0007b18       0x46 out/thread.o
                0x00000000c0007b18                main_thread
                0x00000000c0007b1c                thread_ready_list
                0x00000000c0007b2c                thread_all_list
                0x00000000c0007b3c                pid_lock
 .bss           0x00000000c0007b5e        0x0 out/list.o
 *fill*         0x00000000c0007b5e        0x2 
 .bss           0x00000000c0007b60       0x1c out/console.o
 .bss           0x00000000c0007b7c        0x0 out/sync.o
 *fill*         0x00000000c0007b7c        0x4 
 .bss           0x00000000c0007b80       0x80 out/keyboard.o
                0x00000000c0007b80                kbd_buf
 .bss           0x00000000c0007c00        0x0 out/ioqueue.o
 .bss           0x00000000c0007c00       0x6c out/tss.o
 .bss           0x00000000c0007c6c        0x0 out/process.o
 .bss           0x00000000c0007c6c        0x0 out/syscall.o
 *fill*         0x00000000c0007c6c       0x14 
 .bss           0x00000000c0007c80       0x80 out/syscall-init.o
                0x00000000c0007c80                syscall_table
 .bss           0x00000000c0007d00        0x0 out/stdio.o
 *(COMMON)
                0x00000000c0007d00                . = ALIGN ((. != 0x0)?0x4:0x1)
                0x00000000c0007d00                . = ALIGN (0x4)
                0x00000000c0007d00                . = SEGMENT_START ("ldata-segment", .)
                0x00000000c0007d00                . = ALIGN (0x4)
                0x00000000c0007d00                _end = .
                [!provide]                        PROVIDE (end = .)
                0x00000000c0007d00                . = DATA_SEGMENT_END (.)

.stab
 *(.stab)

.stabstr
 *(.stabstr)

.stab.excl
 *(.stab.excl)

.stab.exclstr
 *(.stab.exclstr)

.stab.index
 *(.stab.index)

.stab.indexstr
 *(.stab.indexstr)

.comment        0x0000000000000000       0x12
 *(.comment)
 .comment       0x0000000000000000       0x12 out/main.o
                                         0x13 (size before relaxing)
 .comment       0x0000000000000012       0x13 out/init.o
 .comment       0x0000000000000012       0x13 out/interrupt.o
 .comment       0x0000000000000012       0x13 out/timer.o
 .comment       0x0000000000000012       0x13 out/debug.o
 .comment       0x0000000000000012       0x13 out/memory.o
 .comment       0x0000000000000012       0x13 out/bitmap.o
 .comment       0x0000000000000012       0x13 out/string.o
 .comment       0x0000000000000012       0x13 out/thread.o
 .comment       0x0000000000000012       0x13 out/list.o
 .comment       0x0000000000000012       0x13 out/console.o
 .comment       0x0000000000000012       0x13 out/sync.o
 .comment       0x0000000000000012       0x13 out/keyboard.o
 .comment       0x0000000000000012       0x13 out/ioqueue.o
 .comment       0x0000000000000012       0x13 out/tss.o
 .comment       0x0000000000000012       0x13 out/process.o
 .comment       0x0000000000000012       0x13 out/syscall.o
 .comment       0x0000000000000012       0x13 out/syscall-init.o
 .comment       0x0000000000000012       0x13 out/stdio.o

.gnu.build.attributes
 *(.gnu.build.attributes .gnu.build.attributes.*)

.debug
 *(.debug)

.line
 *(.line)

.debug_srcinfo
 *(.debug_srcinfo)

.debug_sfnames
 *(.debug_sfnames)

.debug_aranges
 *(.debug_aranges)

.debug_pubnames
 *(.debug_pubnames)

.debug_info
 *(.debug_info .gnu.linkonce.wi.*)

.debug_abbrev
 *(.debug_abbrev)

.debug_line
 *(.debug_line .debug_line.* .debug_line_end)

.debug_frame
 *(.debug_frame)

.debug_str
 *(.debug_str)

.debug_loc
 *(.debug_loc)

.debug_macinfo
 *(.debug_macinfo)

.debug_weaknames
 *(.debug_weaknames)

.debug_funcnames
 *(.debug_funcnames)

.debug_typenames
 *(.debug_typenames)

.debug_varnames
 *(.debug_varnames)

.debug_pubtypes
 *(.debug_pubtypes)

.debug_ranges
 *(.debug_ranges)

.debug_addr
 *(.debug_addr)

.debug_line_str
 *(.debug_line_str)

.debug_loclists
 *(.debug_loclists)

.debug_macro
 *(.debug_macro)

.debug_names
 *(.debug_names)

.debug_rnglists
 *(.debug_rnglists)

.debug_str_offsets
 *(.debug_str_offsets)

.debug_sup
 *(.debug_sup)

.gnu.attributes
 *(.gnu.attributes)

/DISCARD/
 *(.note.GNU-stack)
 *(.gnu_debuglink)
 *(.gnu.lto_*)
OUTPUT(out/kernel.bin elf32-i386)
