
Discarded input sections

 .note.GNU-stack
                0x0000000000000000        0x0 out/main.o
 .llvm_addrsig  0x0000000000000000        0x7 out/main.o
 .note.GNU-stack
                0x0000000000000000        0x0 out/init.o
 .llvm_addrsig  0x0000000000000000        0x5 out/init.o
 .note.GNU-stack
                0x0000000000000000        0x0 out/interrupt.o
 .llvm_addrsig  0x0000000000000000       0x11 out/interrupt.o
 .note.GNU-stack
                0x0000000000000000        0x0 out/debug.o
 .llvm_addrsig  0x0000000000000000        0x3 out/debug.o
 .note.GNU-stack
                0x0000000000000000        0x0 out/string.o
 .llvm_addrsig  0x0000000000000000        0x1 out/string.o
 .note.GNU-stack
                0x0000000000000000        0x0 out/bitmap.o
 .llvm_addrsig  0x0000000000000000        0x3 out/bitmap.o
 .note.GNU-stack
                0x0000000000000000        0x0 out/memory.o
 .llvm_addrsig  0x0000000000000000       0x11 out/memory.o
 .note.GNU-stack
                0x0000000000000000        0x0 out/thread.o
 .llvm_addrsig  0x0000000000000000       0x1a out/thread.o
 .note.GNU-stack
                0x0000000000000000        0x0 out/list.o
 .llvm_addrsig  0x0000000000000000        0x5 out/list.o
 .note.GNU-stack
                0x0000000000000000        0x0 out/timer.o
 .llvm_addrsig  0x0000000000000000        0x9 out/timer.o

Memory Configuration

Name             Origin             Length             Attributes
*default*        0x0000000000000000 0xffffffffffffffff

Linker script and memory map

Address of section .text set to 0xc0001500
LOAD out/main.o
LOAD out/init.o
LOAD out/interrupt.o
LOAD out/kernel.o
LOAD out/print.o
LOAD out/debug.o
LOAD out/string.o
LOAD out/bitmap.o
LOAD out/memory.o
LOAD out/thread.o
LOAD out/list.o
LOAD out/timer.o
LOAD out/switch.o
                [!provide]                        PROVIDE (__executable_start = SEGMENT_START ("text-segment", 0x8048000))
                0x0000000008048094                . = (SEGMENT_START ("text-segment", 0x8048000) + SIZEOF_HEADERS)

.interp
 *(.interp)

.note.gnu.build-id
 *(.note.gnu.build-id)

.hash
 *(.hash)

.gnu.hash
 *(.gnu.hash)

.dynsym
 *(.dynsym)

.dynstr
 *(.dynstr)

.gnu.version
 *(.gnu.version)

.gnu.version_d
 *(.gnu.version_d)

.gnu.version_r
 *(.gnu.version_r)

.rel.dyn        0x0000000008048094        0x0
 *(.rel.init)
 *(.rel.text .rel.text.* .rel.gnu.linkonce.t.*)
 *(.rel.fini)
 *(.rel.rodata .rel.rodata.* .rel.gnu.linkonce.r.*)
 *(.rel.data.rel.ro .rel.data.rel.ro.* .rel.gnu.linkonce.d.rel.ro.*)
 *(.rel.data .rel.data.* .rel.gnu.linkonce.d.*)
 *(.rel.tdata .rel.tdata.* .rel.gnu.linkonce.td.*)
 *(.rel.tbss .rel.tbss.* .rel.gnu.linkonce.tb.*)
 *(.rel.ctors)
 *(.rel.dtors)
 *(.rel.got)
 .rel.got       0x0000000008048094        0x0 out/main.o
 *(.rel.bss .rel.bss.* .rel.gnu.linkonce.b.*)
 *(.rel.ifunc)

.rel.plt        0x0000000008048094        0x0
 *(.rel.plt)
                [!provide]                        PROVIDE (__rel_iplt_start = .)
 *(.rel.iplt)
 .rel.iplt      0x0000000008048094        0x0 out/main.o
                [!provide]                        PROVIDE (__rel_iplt_end = .)

.relr.dyn
 *(.relr.dyn)

.init
 *(SORT_NONE(.init))

.plt            0x0000000008048094        0x0
 *(.plt)
 *(.iplt)
 .iplt          0x0000000008048094        0x0 out/main.o

.plt.got
 *(.plt.got)

.plt.sec
 *(.plt.sec)

.text           0x00000000c0001500     0x2675
 *(.text.unlikely .text.*_unlikely .text.unlikely.*)
 *(.text.exit .text.exit.*)
 *(.text.startup .text.startup.*)
 *(.text.hot .text.hot.*)
 *(SORT_BY_NAME(.text.sorted.*))
 *(.text .stub .text.* .gnu.linkonce.t.*)
 .text          0x00000000c0001500       0xe9 out/main.o
                0x00000000c0001500                main
                0x00000000c0001590                k_thread_a
                0x00000000c00015c0                k_thread_b
 *fill*         0x00000000c00015e9        0x7 
 .text          0x00000000c00015f0       0x2d out/init.o
                0x00000000c00015f0                init_all
 *fill*         0x00000000c000161d        0x3 
 .text          0x00000000c0001620      0x544 out/interrupt.o
                0x00000000c0001620                register_handler
                0x00000000c0001640                idt_init
                0x00000000c0001910                intr_disable
                0x00000000c0001950                intr_get_status
                0x00000000c0001980                intr_enable
                0x00000000c00019c0                intr_set_status
 *fill*         0x00000000c0001b64        0xc 
 .text          0x00000000c0001b70      0x39d out/kernel.o
                0x00000000c0001b70                intr_exit
 *fill*         0x00000000c0001f0d        0x3 
 .text          0x00000000c0001f10      0x14e out/print.o
                0x00000000c0001f10                put_int
                0x00000000c0001f73                put_str
                0x00000000c0001f91                put_char
                0x00000000c0002040                set_cursor
 *fill*         0x00000000c000205e        0x2 
 .text          0x00000000c0002060       0xc6 out/debug.o
                0x00000000c0002060                panic_spin
 *fill*         0x00000000c0002126        0xa 
 .text          0x00000000c0002130      0x662 out/string.o
                0x00000000c0002130                memset
                0x00000000c00021b0                memcpy
                0x00000000c0002240                memcmp
                0x00000000c0002320                strcpy
                0x00000000c00023b0                strlen
                0x00000000c0002430                strcmp
                0x00000000c0002520                strchr
                0x00000000c00025c0                strrchr
                0x00000000c0002650                strcat
                0x00000000c0002700                strchrs
 *fill*         0x00000000c0002792        0xe 
 .text          0x00000000c00027a0      0x1db out/bitmap.o
                0x00000000c00027a0                bitmap_init
                0x00000000c00027d0                bitmap_scan_test
                0x00000000c0002810                bitmap_scan
                0x00000000c00028c0                bitmap_set
 *fill*         0x00000000c000297b        0x5 
 .text          0x00000000c0002980      0x660 out/memory.o
                0x00000000c0002980                mem_init
                0x00000000c0002b90                pte_ptr
                0x00000000c0002bd0                pde_ptr
                0x00000000c0002c00                malloc_page
                0x00000000c0002f90                get_kernel_pages
 .text          0x00000000c0002fe0      0x6f1 out/thread.o
                0x00000000c0002fe0                running_thread
                0x00000000c0003000                thread_create
                0x00000000c00030b0                init_thread
                0x00000000c0003160                thread_start
                0x00000000c0003290                thread_block
                0x00000000c0003320                schedule
                0x00000000c0003490                thread_unlock
                0x00000000c00035e0                thread_init
 *fill*         0x00000000c00036d1        0xf 
 .text          0x00000000c00036e0      0x2bc out/list.o
                0x00000000c00036e0                list_init
                0x00000000c0003710                list_insert_before
                0x00000000c0003760                list_push
                0x00000000c0003790                list_append
                0x00000000c00037c0                list_remove
                0x00000000c0003800                list_pop
                0x00000000c0003830                list_find
                0x00000000c0003890                list_empty
                0x00000000c00038c0                list_length
                0x00000000c0003910                list_traversal
 *fill*         0x00000000c000399c        0x4 
 .text          0x00000000c00039a0      0x1b4 out/timer.o
                0x00000000c00039a0                timer_init
 *fill*         0x00000000c0003b54        0xc 
 .text          0x00000000c0003b60       0x15 out/switch.o
                0x00000000c0003b60                switch_to
 *(.gnu.warning)

.fini
 *(SORT_NONE(.fini))
                [!provide]                        PROVIDE (__etext = .)
                [!provide]                        PROVIDE (_etext = .)
                [!provide]                        PROVIDE (etext = .)

.rodata         0x00000000c0003b75      0x85b
 *(.rodata .rodata.* .gnu.linkonce.r.*)
 .rodata.str1.1
                0x00000000c0003b75       0x35 out/main.o
 .rodata.str1.1
                0x00000000c0003baa        0xa out/init.o
 .rodata.str1.1
                0x00000000c0003bb4      0x2c8 out/interrupt.o
 .rodata.str1.1
                0x00000000c0003e7c       0x3f out/debug.o
                                         0x41 (size before relaxing)
 .rodata.str1.1
                0x00000000c0003ebb       0xa2 out/string.o
 .rodata.str1.1
                0x00000000c0003f5d       0x3c out/bitmap.o
 .rodata.str1.1
                0x00000000c0003f99      0x113 out/memory.o
                                        0x115 (size before relaxing)
 .rodata.str1.1
                0x00000000c00040ac      0x2b7 out/thread.o
 .rodata.str1.1
                0x00000000c0004363       0x6d out/timer.o

.rodata1
 *(.rodata1)

.eh_frame_hdr
 *(.eh_frame_hdr)
 *(.eh_frame_entry .eh_frame_entry.*)

.eh_frame       0x00000000c00043d0      0x818
 *(.eh_frame)
 .eh_frame      0x00000000c00043d0       0x6c out/main.o
 .eh_frame      0x00000000c000443c       0x20 out/init.o
                                         0x38 (size before relaxing)
 .eh_frame      0x00000000c000445c      0x184 out/interrupt.o
                                        0x19c (size before relaxing)
 .eh_frame      0x00000000c00045e0       0x1c out/debug.o
                                         0x34 (size before relaxing)
 .eh_frame      0x00000000c00045fc      0x148 out/string.o
                                        0x160 (size before relaxing)
 .eh_frame      0x00000000c0004744       0x84 out/bitmap.o
                                         0x9c (size before relaxing)
 .eh_frame      0x00000000c00047c8      0x120 out/memory.o
                                        0x138 (size before relaxing)
 .eh_frame      0x00000000c00048e8      0x140 out/thread.o
                                        0x158 (size before relaxing)
 .eh_frame      0x00000000c0004a28      0x140 out/list.o
                                        0x158 (size before relaxing)
 .eh_frame      0x00000000c0004b68       0x80 out/timer.o
                                         0x98 (size before relaxing)
 *(.eh_frame.*)

.gcc_except_table
 *(.gcc_except_table .gcc_except_table.*)

.gnu_extab
 *(.gnu_extab*)

.exception_ranges
 *(.exception_ranges*)
                0x00000000c0005be8                . = DATA_SEGMENT_ALIGN (CONSTANT (MAXPAGESIZE), CONSTANT (COMMONPAGESIZE))

.eh_frame
 *(.eh_frame)
 *(.eh_frame.*)

.gnu_extab
 *(.gnu_extab)

.gcc_except_table
 *(.gcc_except_table .gcc_except_table.*)

.exception_ranges
 *(.exception_ranges*)

.tdata          0x00000000c0005be8        0x0
                [!provide]                        PROVIDE (__tdata_start = .)
 *(.tdata .tdata.* .gnu.linkonce.td.*)

.tbss
 *(.tbss .tbss.* .gnu.linkonce.tb.*)
 *(.tcommon)

.preinit_array  0x00000000c0005be8        0x0
                [!provide]                        PROVIDE (__preinit_array_start = .)
 *(.preinit_array)
                [!provide]                        PROVIDE (__preinit_array_end = .)

.init_array     0x00000000c0005be8        0x0
                [!provide]                        PROVIDE (__init_array_start = .)
 *(SORT_BY_INIT_PRIORITY(.init_array.*) SORT_BY_INIT_PRIORITY(.ctors.*))
 *(.init_array EXCLUDE_FILE(*crtend?.o *crtend.o *crtbegin?.o *crtbegin.o) .ctors)
                [!provide]                        PROVIDE (__init_array_end = .)

.fini_array     0x00000000c0005be8        0x0
                [!provide]                        PROVIDE (__fini_array_start = .)
 *(SORT_BY_INIT_PRIORITY(.fini_array.*) SORT_BY_INIT_PRIORITY(.dtors.*))
 *(.fini_array EXCLUDE_FILE(*crtend?.o *crtend.o *crtbegin?.o *crtbegin.o) .dtors)
                [!provide]                        PROVIDE (__fini_array_end = .)

.ctors
 *crtbegin.o(.ctors)
 *crtbegin?.o(.ctors)
 *(EXCLUDE_FILE(*crtend?.o *crtend.o) .ctors)
 *(SORT_BY_NAME(.ctors.*))
 *(.ctors)

.dtors
 *crtbegin.o(.dtors)
 *crtbegin?.o(.dtors)
 *(EXCLUDE_FILE(*crtend?.o *crtend.o) .dtors)
 *(SORT_BY_NAME(.dtors.*))
 *(.dtors)

.jcr
 *(.jcr)

.data.rel.ro
 *(.data.rel.ro.local* .gnu.linkonce.d.rel.ro.local.*)
 *(.data.rel.ro .data.rel.ro.* .gnu.linkonce.d.rel.ro.*)

.dynamic
 *(.dynamic)

.got            0x00000000c0005be8        0x0
 *(.got)
 .got           0x00000000c0005be8        0x0 out/main.o
 *(.igot)
                0x00000000c0005be8                . = DATA_SEGMENT_RELRO_END (., (SIZEOF (.got.plt) >= 0xc)?0xc:0x0)

.got.plt        0x00000000c0005be8        0x0
 *(.got.plt)
 .got.plt       0x00000000c0005be8        0x0 out/main.o
 *(.igot.plt)
 .igot.plt      0x00000000c0005be8        0x0 out/main.o

.data           0x00000000c0005be8       0xa0
 *(.data .data.* .gnu.linkonce.d.*)
 .data          0x00000000c0005be8       0x96 out/kernel.o
                0x00000000c0005bfa                intr_entry_table
 *fill*         0x00000000c0005c7e        0x2 
 .data          0x00000000c0005c80        0x8 out/print.o

.data1
 *(.data1)
                0x00000000c0005c88                _edata = .
                [!provide]                        PROVIDE (edata = .)
                0x00000000c0005c88                . = .
                0x00000000c0005c88                __bss_start = .

.bss            0x00000000c0005c88      0x268
 *(.dynbss)
 *(.bss .bss.* .gnu.linkonce.b.*)
 .bss           0x00000000c0005c88      0x210 out/interrupt.o
                0x00000000c0005c88                idt_table
                0x00000000c0005e14                intr_name
 .bss           0x00000000c0005e98       0x2c out/memory.o
                0x00000000c0005e98                kernel_pool
                0x00000000c0005ea8                user_pool
                0x00000000c0005eb8                kernel_vaddr
 .bss           0x00000000c0005ec4       0x28 out/thread.o
                0x00000000c0005ec4                main_thread
                0x00000000c0005ec8                thread_ready_list
                0x00000000c0005ed8                thread_all_list
 .bss           0x00000000c0005eec        0x4 out/timer.o
                0x00000000c0005eec                ticks
 *(COMMON)
                0x00000000c0005ef0                . = ALIGN ((. != 0x0)?0x4:0x1)
                0x00000000c0005ef0                . = ALIGN (0x4)
                0x00000000c0005ef0                . = SEGMENT_START ("ldata-segment", .)
                0x00000000c0005ef0                . = ALIGN (0x4)
                0x00000000c0005ef0                _end = .
                [!provide]                        PROVIDE (end = .)
                0x00000000c0005ef0                . = DATA_SEGMENT_END (.)

.stab
 *(.stab)

.stabstr
 *(.stabstr)

.stab.excl
 *(.stab.excl)

.stab.exclstr
 *(.stab.exclstr)

.stab.index
 *(.stab.index)

.stab.indexstr
 *(.stab.indexstr)

.comment        0x0000000000000000       0x31
 *(.comment)
 .comment       0x0000000000000000       0x31 out/main.o
                                         0x32 (size before relaxing)
 .comment       0x0000000000000031       0x32 out/init.o
 .comment       0x0000000000000031       0x32 out/interrupt.o
 .comment       0x0000000000000031       0x32 out/debug.o
 .comment       0x0000000000000031       0x32 out/string.o
 .comment       0x0000000000000031       0x32 out/bitmap.o
 .comment       0x0000000000000031       0x32 out/memory.o
 .comment       0x0000000000000031       0x32 out/thread.o
 .comment       0x0000000000000031       0x32 out/list.o
 .comment       0x0000000000000031       0x32 out/timer.o

.gnu.build.attributes
 *(.gnu.build.attributes .gnu.build.attributes.*)

.debug
 *(.debug)

.line
 *(.line)

.debug_srcinfo
 *(.debug_srcinfo)

.debug_sfnames
 *(.debug_sfnames)

.debug_aranges
 *(.debug_aranges)

.debug_pubnames
 *(.debug_pubnames)

.debug_info
 *(.debug_info .gnu.linkonce.wi.*)

.debug_abbrev
 *(.debug_abbrev)

.debug_line
 *(.debug_line .debug_line.* .debug_line_end)

.debug_frame
 *(.debug_frame)

.debug_str
 *(.debug_str)

.debug_loc
 *(.debug_loc)

.debug_macinfo
 *(.debug_macinfo)

.debug_weaknames
 *(.debug_weaknames)

.debug_funcnames
 *(.debug_funcnames)

.debug_typenames
 *(.debug_typenames)

.debug_varnames
 *(.debug_varnames)

.debug_pubtypes
 *(.debug_pubtypes)

.debug_ranges
 *(.debug_ranges)

.debug_addr
 *(.debug_addr)

.debug_line_str
 *(.debug_line_str)

.debug_loclists
 *(.debug_loclists)

.debug_macro
 *(.debug_macro)

.debug_names
 *(.debug_names)

.debug_rnglists
 *(.debug_rnglists)

.debug_str_offsets
 *(.debug_str_offsets)

.debug_sup
 *(.debug_sup)

.gnu.attributes
 *(.gnu.attributes)

/DISCARD/
 *(.note.GNU-stack)
 *(.gnu_debuglink)
 *(.gnu.lto_*)
OUTPUT(out/kernel.bin elf32-i386)
