
Discarded input sections

 .note.GNU-stack
                0x0000000000000000        0x0 out/main.o
 .llvm_addrsig  0x0000000000000000        0x6 out/main.o
 .note.GNU-stack
                0x0000000000000000        0x0 out/init.o
 .llvm_addrsig  0x0000000000000000        0x5 out/init.o
 .note.GNU-stack
                0x0000000000000000        0x0 out/interrupt.o
 .llvm_addrsig  0x0000000000000000       0x11 out/interrupt.o
 .note.GNU-stack
                0x0000000000000000        0x0 out/debug.o
 .llvm_addrsig  0x0000000000000000        0x3 out/debug.o
 .note.GNU-stack
                0x0000000000000000        0x0 out/string.o
 .llvm_addrsig  0x0000000000000000        0x1 out/string.o
 .note.GNU-stack
                0x0000000000000000        0x0 out/bitmap.o
 .llvm_addrsig  0x0000000000000000        0x3 out/bitmap.o
 .note.GNU-stack
                0x0000000000000000        0x0 out/memory.o
 .llvm_addrsig  0x0000000000000000       0x11 out/memory.o
 .note.GNU-stack
                0x0000000000000000        0x0 out/thread.o
 .llvm_addrsig  0x0000000000000000       0x16 out/thread.o
 .note.GNU-stack
                0x0000000000000000        0x0 out/list.o
 .llvm_addrsig  0x0000000000000000        0x5 out/list.o
 .note.GNU-stack
                0x0000000000000000        0x0 out/timer.o
 .llvm_addrsig  0x0000000000000000        0x9 out/timer.o

Memory Configuration

Name             Origin             Length             Attributes
*default*        0x0000000000000000 0xffffffffffffffff

Linker script and memory map

Address of section .text set to 0xc0001500
LOAD out/main.o
LOAD out/init.o
LOAD out/interrupt.o
LOAD out/kernel.o
LOAD out/print.o
LOAD out/debug.o
LOAD out/string.o
LOAD out/bitmap.o
LOAD out/memory.o
LOAD out/thread.o
LOAD out/list.o
LOAD out/timer.o
LOAD out/switch.o
                [!provide]                        PROVIDE (__executable_start = SEGMENT_START ("text-segment", 0x8048000))
                0x0000000008048094                . = (SEGMENT_START ("text-segment", 0x8048000) + SIZEOF_HEADERS)

.interp
 *(.interp)

.note.gnu.build-id
 *(.note.gnu.build-id)

.hash
 *(.hash)

.gnu.hash
 *(.gnu.hash)

.dynsym
 *(.dynsym)

.dynstr
 *(.dynstr)

.gnu.version
 *(.gnu.version)

.gnu.version_d
 *(.gnu.version_d)

.gnu.version_r
 *(.gnu.version_r)

.rel.dyn        0x0000000008048094        0x0
 *(.rel.init)
 *(.rel.text .rel.text.* .rel.gnu.linkonce.t.*)
 *(.rel.fini)
 *(.rel.rodata .rel.rodata.* .rel.gnu.linkonce.r.*)
 *(.rel.data.rel.ro .rel.data.rel.ro.* .rel.gnu.linkonce.d.rel.ro.*)
 *(.rel.data .rel.data.* .rel.gnu.linkonce.d.*)
 *(.rel.tdata .rel.tdata.* .rel.gnu.linkonce.td.*)
 *(.rel.tbss .rel.tbss.* .rel.gnu.linkonce.tb.*)
 *(.rel.ctors)
 *(.rel.dtors)
 *(.rel.got)
 .rel.got       0x0000000008048094        0x0 out/main.o
 *(.rel.bss .rel.bss.* .rel.gnu.linkonce.b.*)
 *(.rel.ifunc)

.rel.plt        0x0000000008048094        0x0
 *(.rel.plt)
                [!provide]                        PROVIDE (__rel_iplt_start = .)
 *(.rel.iplt)
 .rel.iplt      0x0000000008048094        0x0 out/main.o
                [!provide]                        PROVIDE (__rel_iplt_end = .)

.relr.dyn
 *(.relr.dyn)

.init
 *(SORT_NONE(.init))

.plt            0x0000000008048094        0x0
 *(.plt)
 *(.iplt)
 .iplt          0x0000000008048094        0x0 out/main.o

.plt.got
 *(.plt.got)

.plt.sec
 *(.plt.sec)

.text           0x00000000c0001500     0x2475
 *(.text.unlikely .text.*_unlikely .text.unlikely.*)
 *(.text.exit .text.exit.*)
 *(.text.startup .text.startup.*)
 *(.text.hot .text.hot.*)
 *(SORT_BY_NAME(.text.sorted.*))
 *(.text .stub .text.* .gnu.linkonce.t.*)
 .text          0x00000000c0001500       0xcf out/main.o
                0x00000000c0001500                main
                0x00000000c0001590                k_thread_a
                0x00000000c00015b0                k_thread_b
 *fill*         0x00000000c00015cf        0x1 
 .text          0x00000000c00015d0       0x2d out/init.o
                0x00000000c00015d0                init_all
 *fill*         0x00000000c00015fd        0x3 
 .text          0x00000000c0001600      0x544 out/interrupt.o
                0x00000000c0001600                register_handler
                0x00000000c0001620                idt_init
                0x00000000c00018f0                intr_disable
                0x00000000c0001930                intr_get_status
                0x00000000c0001960                intr_enable
                0x00000000c00019a0                intr_set_status
 *fill*         0x00000000c0001b44        0xc 
 .text          0x00000000c0001b50      0x39d out/kernel.o
                0x00000000c0001b50                intr_exit
 *fill*         0x00000000c0001eed        0x3 
 .text          0x00000000c0001ef0      0x14e out/print.o
                0x00000000c0001ef0                put_int
                0x00000000c0001f53                put_str
                0x00000000c0001f71                put_char
                0x00000000c0002020                set_cursor
 *fill*         0x00000000c000203e        0x2 
 .text          0x00000000c0002040       0xc6 out/debug.o
                0x00000000c0002040                panic_spin
 *fill*         0x00000000c0002106        0xa 
 .text          0x00000000c0002110      0x662 out/string.o
                0x00000000c0002110                memset
                0x00000000c0002190                memcpy
                0x00000000c0002220                memcmp
                0x00000000c0002300                strcpy
                0x00000000c0002390                strlen
                0x00000000c0002410                strcmp
                0x00000000c0002500                strchr
                0x00000000c00025a0                strrchr
                0x00000000c0002630                strcat
                0x00000000c00026e0                strchrs
 *fill*         0x00000000c0002772        0xe 
 .text          0x00000000c0002780      0x1db out/bitmap.o
                0x00000000c0002780                bitmap_init
                0x00000000c00027b0                bitmap_scan_test
                0x00000000c00027f0                bitmap_scan
                0x00000000c00028a0                bitmap_set
 *fill*         0x00000000c000295b        0x5 
 .text          0x00000000c0002960      0x660 out/memory.o
                0x00000000c0002960                mem_init
                0x00000000c0002b70                pte_ptr
                0x00000000c0002bb0                pde_ptr
                0x00000000c0002be0                malloc_page
                0x00000000c0002f70                get_kernel_pages
 .text          0x00000000c0002fc0      0x511 out/thread.o
                0x00000000c0002fc0                running_thread
                0x00000000c0002fe0                thread_create
                0x00000000c0003090                init_thread
                0x00000000c0003140                thread_start
                0x00000000c0003270                schedule
                0x00000000c00033e0                thread_init
 *fill*         0x00000000c00034d1        0xf 
 .text          0x00000000c00034e0      0x2bc out/list.o
                0x00000000c00034e0                list_init
                0x00000000c0003510                list_insert_before
                0x00000000c0003560                list_push
                0x00000000c0003590                list_append
                0x00000000c00035c0                list_remove
                0x00000000c0003600                list_pop
                0x00000000c0003630                list_find
                0x00000000c0003690                list_empty
                0x00000000c00036c0                list_length
                0x00000000c0003710                list_traversal
 *fill*         0x00000000c000379c        0x4 
 .text          0x00000000c00037a0      0x1b4 out/timer.o
                0x00000000c00037a0                timer_init
 *fill*         0x00000000c0003954        0xc 
 .text          0x00000000c0003960       0x15 out/switch.o
                0x00000000c0003960                switch_to
 *(.gnu.warning)

.fini
 *(SORT_NONE(.fini))
                [!provide]                        PROVIDE (__etext = .)
                [!provide]                        PROVIDE (_etext = .)
                [!provide]                        PROVIDE (etext = .)

.rodata         0x00000000c0003975      0x72c
 *(.rodata .rodata.* .gnu.linkonce.r.*)
 .rodata.str1.1
                0x00000000c0003975       0x35 out/main.o
 .rodata.str1.1
                0x00000000c00039aa        0xa out/init.o
 .rodata.str1.1
                0x00000000c00039b4      0x2c8 out/interrupt.o
 .rodata.str1.1
                0x00000000c0003c7c       0x3f out/debug.o
                                         0x41 (size before relaxing)
 .rodata.str1.1
                0x00000000c0003cbb       0xa2 out/string.o
 .rodata.str1.1
                0x00000000c0003d5d       0x3c out/bitmap.o
 .rodata.str1.1
                0x00000000c0003d99      0x113 out/memory.o
                                        0x115 (size before relaxing)
 .rodata.str1.1
                0x00000000c0003eac      0x188 out/thread.o
 .rodata.str1.1
                0x00000000c0004034       0x6d out/timer.o

.rodata1
 *(.rodata1)

.eh_frame_hdr
 *(.eh_frame_hdr)
 *(.eh_frame_entry .eh_frame_entry.*)

.eh_frame       0x00000000c00040a4      0x7d8
 *(.eh_frame)
 .eh_frame      0x00000000c00040a4       0x6c out/main.o
 .eh_frame      0x00000000c0004110       0x20 out/init.o
                                         0x38 (size before relaxing)
 .eh_frame      0x00000000c0004130      0x184 out/interrupt.o
                                        0x19c (size before relaxing)
 .eh_frame      0x00000000c00042b4       0x1c out/debug.o
                                         0x34 (size before relaxing)
 .eh_frame      0x00000000c00042d0      0x148 out/string.o
                                        0x160 (size before relaxing)
 .eh_frame      0x00000000c0004418       0x84 out/bitmap.o
                                         0x9c (size before relaxing)
 .eh_frame      0x00000000c000449c      0x120 out/memory.o
                                        0x138 (size before relaxing)
 .eh_frame      0x00000000c00045bc      0x100 out/thread.o
                                        0x118 (size before relaxing)
 .eh_frame      0x00000000c00046bc      0x140 out/list.o
                                        0x158 (size before relaxing)
 .eh_frame      0x00000000c00047fc       0x80 out/timer.o
                                         0x98 (size before relaxing)
 *(.eh_frame.*)

.gcc_except_table
 *(.gcc_except_table .gcc_except_table.*)

.gnu_extab
 *(.gnu_extab*)

.exception_ranges
 *(.exception_ranges*)
                0x00000000c000587c                . = DATA_SEGMENT_ALIGN (CONSTANT (MAXPAGESIZE), CONSTANT (COMMONPAGESIZE))

.eh_frame
 *(.eh_frame)
 *(.eh_frame.*)

.gnu_extab
 *(.gnu_extab)

.gcc_except_table
 *(.gcc_except_table .gcc_except_table.*)

.exception_ranges
 *(.exception_ranges*)

.tdata          0x00000000c000587c        0x0
                [!provide]                        PROVIDE (__tdata_start = .)
 *(.tdata .tdata.* .gnu.linkonce.td.*)

.tbss
 *(.tbss .tbss.* .gnu.linkonce.tb.*)
 *(.tcommon)

.preinit_array  0x00000000c000587c        0x0
                [!provide]                        PROVIDE (__preinit_array_start = .)
 *(.preinit_array)
                [!provide]                        PROVIDE (__preinit_array_end = .)

.init_array     0x00000000c000587c        0x0
                [!provide]                        PROVIDE (__init_array_start = .)
 *(SORT_BY_INIT_PRIORITY(.init_array.*) SORT_BY_INIT_PRIORITY(.ctors.*))
 *(.init_array EXCLUDE_FILE(*crtend?.o *crtend.o *crtbegin?.o *crtbegin.o) .ctors)
                [!provide]                        PROVIDE (__init_array_end = .)

.fini_array     0x00000000c000587c        0x0
                [!provide]                        PROVIDE (__fini_array_start = .)
 *(SORT_BY_INIT_PRIORITY(.fini_array.*) SORT_BY_INIT_PRIORITY(.dtors.*))
 *(.fini_array EXCLUDE_FILE(*crtend?.o *crtend.o *crtbegin?.o *crtbegin.o) .dtors)
                [!provide]                        PROVIDE (__fini_array_end = .)

.ctors
 *crtbegin.o(.ctors)
 *crtbegin?.o(.ctors)
 *(EXCLUDE_FILE(*crtend?.o *crtend.o) .ctors)
 *(SORT_BY_NAME(.ctors.*))
 *(.ctors)

.dtors
 *crtbegin.o(.dtors)
 *crtbegin?.o(.dtors)
 *(EXCLUDE_FILE(*crtend?.o *crtend.o) .dtors)
 *(SORT_BY_NAME(.dtors.*))
 *(.dtors)

.jcr
 *(.jcr)

.data.rel.ro
 *(.data.rel.ro.local* .gnu.linkonce.d.rel.ro.local.*)
 *(.data.rel.ro .data.rel.ro.* .gnu.linkonce.d.rel.ro.*)

.dynamic
 *(.dynamic)

.got            0x00000000c000587c        0x0
 *(.got)
 .got           0x00000000c000587c        0x0 out/main.o
 *(.igot)
                0x00000000c000587c                . = DATA_SEGMENT_RELRO_END (., (SIZEOF (.got.plt) >= 0xc)?0xc:0x0)

.got.plt        0x00000000c000587c        0x0
 *(.got.plt)
 .got.plt       0x00000000c000587c        0x0 out/main.o
 *(.igot.plt)
 .igot.plt      0x00000000c000587c        0x0 out/main.o

.data           0x00000000c000587c       0xa0
 *(.data .data.* .gnu.linkonce.d.*)
 .data          0x00000000c000587c       0x96 out/kernel.o
                0x00000000c000588e                intr_entry_table
 *fill*         0x00000000c0005912        0x2 
 .data          0x00000000c0005914        0x8 out/print.o

.data1
 *(.data1)
                0x00000000c000591c                _edata = .
                [!provide]                        PROVIDE (edata = .)
                0x00000000c000591c                . = .
                0x00000000c000591c                __bss_start = .

.bss            0x00000000c000591c      0x268
 *(.dynbss)
 *(.bss .bss.* .gnu.linkonce.b.*)
 .bss           0x00000000c000591c      0x210 out/interrupt.o
                0x00000000c000591c                idt_table
                0x00000000c0005aa8                intr_name
 .bss           0x00000000c0005b2c       0x2c out/memory.o
                0x00000000c0005b2c                kernel_pool
                0x00000000c0005b3c                user_pool
                0x00000000c0005b4c                kernel_vaddr
 .bss           0x00000000c0005b58       0x28 out/thread.o
                0x00000000c0005b58                main_thread
                0x00000000c0005b5c                thread_ready_list
                0x00000000c0005b6c                thread_all_list
 .bss           0x00000000c0005b80        0x4 out/timer.o
                0x00000000c0005b80                ticks
 *(COMMON)
                0x00000000c0005b84                . = ALIGN ((. != 0x0)?0x4:0x1)
                0x00000000c0005b84                . = ALIGN (0x4)
                0x00000000c0005b84                . = SEGMENT_START ("ldata-segment", .)
                0x00000000c0005b84                . = ALIGN (0x4)
                0x00000000c0005b84                _end = .
                [!provide]                        PROVIDE (end = .)
                0x00000000c0005b84                . = DATA_SEGMENT_END (.)

.stab
 *(.stab)

.stabstr
 *(.stabstr)

.stab.excl
 *(.stab.excl)

.stab.exclstr
 *(.stab.exclstr)

.stab.index
 *(.stab.index)

.stab.indexstr
 *(.stab.indexstr)

.comment        0x0000000000000000       0x31
 *(.comment)
 .comment       0x0000000000000000       0x31 out/main.o
                                         0x32 (size before relaxing)
 .comment       0x0000000000000031       0x32 out/init.o
 .comment       0x0000000000000031       0x32 out/interrupt.o
 .comment       0x0000000000000031       0x32 out/debug.o
 .comment       0x0000000000000031       0x32 out/string.o
 .comment       0x0000000000000031       0x32 out/bitmap.o
 .comment       0x0000000000000031       0x32 out/memory.o
 .comment       0x0000000000000031       0x32 out/thread.o
 .comment       0x0000000000000031       0x32 out/list.o
 .comment       0x0000000000000031       0x32 out/timer.o

.gnu.build.attributes
 *(.gnu.build.attributes .gnu.build.attributes.*)

.debug
 *(.debug)

.line
 *(.line)

.debug_srcinfo
 *(.debug_srcinfo)

.debug_sfnames
 *(.debug_sfnames)

.debug_aranges
 *(.debug_aranges)

.debug_pubnames
 *(.debug_pubnames)

.debug_info
 *(.debug_info .gnu.linkonce.wi.*)

.debug_abbrev
 *(.debug_abbrev)

.debug_line
 *(.debug_line .debug_line.* .debug_line_end)

.debug_frame
 *(.debug_frame)

.debug_str
 *(.debug_str)

.debug_loc
 *(.debug_loc)

.debug_macinfo
 *(.debug_macinfo)

.debug_weaknames
 *(.debug_weaknames)

.debug_funcnames
 *(.debug_funcnames)

.debug_typenames
 *(.debug_typenames)

.debug_varnames
 *(.debug_varnames)

.debug_pubtypes
 *(.debug_pubtypes)

.debug_ranges
 *(.debug_ranges)

.debug_addr
 *(.debug_addr)

.debug_line_str
 *(.debug_line_str)

.debug_loclists
 *(.debug_loclists)

.debug_macro
 *(.debug_macro)

.debug_names
 *(.debug_names)

.debug_rnglists
 *(.debug_rnglists)

.debug_str_offsets
 *(.debug_str_offsets)

.debug_sup
 *(.debug_sup)

.gnu.attributes
 *(.gnu.attributes)

/DISCARD/
 *(.note.GNU-stack)
 *(.gnu_debuglink)
 *(.gnu.lto_*)
OUTPUT(out/kernel.bin elf32-i386)
