
Discarded input sections

 .note.GNU-stack
                0x0000000000000000        0x0 out/main.o
 .llvm_addrsig  0x0000000000000000        0x3 out/main.o
 .note.GNU-stack
                0x0000000000000000        0x0 out/init.o
 .llvm_addrsig  0x0000000000000000        0x2 out/init.o
 .note.GNU-stack
                0x0000000000000000        0x0 out/interrupt.o
 .llvm_addrsig  0x0000000000000000       0x10 out/interrupt.o
 .note.GNU-stack
                0x0000000000000000        0x0 out/debug.o
 .llvm_addrsig  0x0000000000000000        0x3 out/debug.o
 .note.GNU-stack
                0x0000000000000000        0x0 out/string.o
 .llvm_addrsig  0x0000000000000000        0x1 out/string.o

Memory Configuration

Name             Origin             Length             Attributes
*default*        0x0000000000000000 0xffffffffffffffff

Linker script and memory map

Address of section .text set to 0xc0001500
LOAD out/main.o
LOAD out/init.o
LOAD out/interrupt.o
LOAD out/kernel.o
LOAD out/print.o
LOAD out/debug.o
LOAD out/string.o
                [!provide]                        PROVIDE (__executable_start = SEGMENT_START ("text-segment", 0x8048000))
                0x0000000008048094                . = (SEGMENT_START ("text-segment", 0x8048000) + SIZEOF_HEADERS)

.interp
 *(.interp)

.note.gnu.build-id
 *(.note.gnu.build-id)

.hash
 *(.hash)

.gnu.hash
 *(.gnu.hash)

.dynsym
 *(.dynsym)

.dynstr
 *(.dynstr)

.gnu.version
 *(.gnu.version)

.gnu.version_d
 *(.gnu.version_d)

.gnu.version_r
 *(.gnu.version_r)

.rel.dyn        0x0000000008048094        0x0
 *(.rel.init)
 *(.rel.text .rel.text.* .rel.gnu.linkonce.t.*)
 *(.rel.fini)
 *(.rel.rodata .rel.rodata.* .rel.gnu.linkonce.r.*)
 *(.rel.data.rel.ro .rel.data.rel.ro.* .rel.gnu.linkonce.d.rel.ro.*)
 *(.rel.data .rel.data.* .rel.gnu.linkonce.d.*)
 *(.rel.tdata .rel.tdata.* .rel.gnu.linkonce.td.*)
 *(.rel.tbss .rel.tbss.* .rel.gnu.linkonce.tb.*)
 *(.rel.ctors)
 *(.rel.dtors)
 *(.rel.got)
 .rel.got       0x0000000008048094        0x0 out/main.o
 *(.rel.bss .rel.bss.* .rel.gnu.linkonce.b.*)
 *(.rel.ifunc)

.rel.plt        0x0000000008048094        0x0
 *(.rel.plt)
                [!provide]                        PROVIDE (__rel_iplt_start = .)
 *(.rel.iplt)
 .rel.iplt      0x0000000008048094        0x0 out/main.o
                [!provide]                        PROVIDE (__rel_iplt_end = .)

.relr.dyn
 *(.relr.dyn)

.init
 *(SORT_NONE(.init))

.plt            0x0000000008048094        0x0
 *(.plt)
 *(.iplt)
 .iplt          0x0000000008048094        0x0 out/main.o

.plt.got
 *(.plt.got)

.plt.sec
 *(.plt.sec)

.text           0x00000000c0001500     0x1132
 *(.text.unlikely .text.*_unlikely .text.unlikely.*)
 *(.text.exit .text.exit.*)
 *(.text.startup .text.startup.*)
 *(.text.hot .text.hot.*)
 *(SORT_BY_NAME(.text.sorted.*))
 *(.text .stub .text.* .gnu.linkonce.t.*)
 .text          0x00000000c0001500       0x4f out/main.o
                0x00000000c0001500                main
 *fill*         0x00000000c000154f        0x1 
 .text          0x00000000c0001550       0x1e out/init.o
                0x00000000c0001550                init_all
 *fill*         0x00000000c000156e        0x2 
 .text          0x00000000c0001570      0x494 out/interrupt.o
                0x00000000c0001570                idt_init
                0x00000000c0001840                intr_disable
                0x00000000c0001880                intr_get_status
                0x00000000c00018b0                intr_enable
                0x00000000c00018f0                intr_set_status
 *fill*         0x00000000c0001a04        0xc 
 .text          0x00000000c0001a10      0x39d out/kernel.o
                0x00000000c0001a10                intr_exit
 *fill*         0x00000000c0001dad        0x3 
 .text          0x00000000c0001db0      0x14e out/print.o
                0x00000000c0001db0                put_int
                0x00000000c0001e13                put_str
                0x00000000c0001e31                put_char
 *fill*         0x00000000c0001efe        0x2 
 .text          0x00000000c0001f00       0xc6 out/debug.o
                0x00000000c0001f00                panic_spin
 *fill*         0x00000000c0001fc6        0xa 
 .text          0x00000000c0001fd0      0x662 out/string.o
                0x00000000c0001fd0                memset
                0x00000000c0002050                memcpy
                0x00000000c00020e0                memcmp
                0x00000000c00021c0                strcpy
                0x00000000c0002250                strlen
                0x00000000c00022d0                strcmp
                0x00000000c00023c0                strchr
                0x00000000c0002460                strrchr
                0x00000000c00024f0                strcat
                0x00000000c00025a0                strchrs
 *(.gnu.warning)

.fini
 *(SORT_NONE(.fini))
                [!provide]                        PROVIDE (__etext = .)
                [!provide]                        PROVIDE (_etext = .)
                [!provide]                        PROVIDE (etext = .)

.rodata         0x00000000c0002632      0x373
 *(.rodata .rodata.* .gnu.linkonce.r.*)
 .rodata.str1.1
                0x00000000c0002632       0x27 out/main.o
 .rodata.str1.1
                0x00000000c0002659        0xa out/init.o
 .rodata.str1.1
                0x00000000c0002663      0x261 out/interrupt.o
 .rodata.str1.1
                0x00000000c00028c4       0x3f out/debug.o
                                         0x41 (size before relaxing)
 .rodata.str1.1
                0x00000000c0002903       0xa2 out/string.o

.rodata1
 *(.rodata1)

.eh_frame_hdr
 *(.eh_frame_hdr)
 *(.eh_frame_entry .eh_frame_entry.*)

.eh_frame       0x00000000c00029a8      0x318
 *(.eh_frame)
 .eh_frame      0x00000000c00029a8       0x34 out/main.o
 .eh_frame      0x00000000c00029dc       0x20 out/init.o
                                         0x38 (size before relaxing)
 .eh_frame      0x00000000c00029fc      0x160 out/interrupt.o
                                        0x178 (size before relaxing)
 .eh_frame      0x00000000c0002b5c       0x1c out/debug.o
                                         0x34 (size before relaxing)
 .eh_frame      0x00000000c0002b78      0x148 out/string.o
                                        0x160 (size before relaxing)
 *(.eh_frame.*)

.gcc_except_table
 *(.gcc_except_table .gcc_except_table.*)

.gnu_extab
 *(.gnu_extab*)

.exception_ranges
 *(.exception_ranges*)
                0x00000000c0003cc0                . = DATA_SEGMENT_ALIGN (CONSTANT (MAXPAGESIZE), CONSTANT (COMMONPAGESIZE))

.eh_frame
 *(.eh_frame)
 *(.eh_frame.*)

.gnu_extab
 *(.gnu_extab)

.gcc_except_table
 *(.gcc_except_table .gcc_except_table.*)

.exception_ranges
 *(.exception_ranges*)

.tdata          0x00000000c0003cc0        0x0
                [!provide]                        PROVIDE (__tdata_start = .)
 *(.tdata .tdata.* .gnu.linkonce.td.*)

.tbss
 *(.tbss .tbss.* .gnu.linkonce.tb.*)
 *(.tcommon)

.preinit_array  0x00000000c0003cc0        0x0
                [!provide]                        PROVIDE (__preinit_array_start = .)
 *(.preinit_array)
                [!provide]                        PROVIDE (__preinit_array_end = .)

.init_array     0x00000000c0003cc0        0x0
                [!provide]                        PROVIDE (__init_array_start = .)
 *(SORT_BY_INIT_PRIORITY(.init_array.*) SORT_BY_INIT_PRIORITY(.ctors.*))
 *(.init_array EXCLUDE_FILE(*crtend?.o *crtend.o *crtbegin?.o *crtbegin.o) .ctors)
                [!provide]                        PROVIDE (__init_array_end = .)

.fini_array     0x00000000c0003cc0        0x0
                [!provide]                        PROVIDE (__fini_array_start = .)
 *(SORT_BY_INIT_PRIORITY(.fini_array.*) SORT_BY_INIT_PRIORITY(.dtors.*))
 *(.fini_array EXCLUDE_FILE(*crtend?.o *crtend.o *crtbegin?.o *crtbegin.o) .dtors)
                [!provide]                        PROVIDE (__fini_array_end = .)

.ctors
 *crtbegin.o(.ctors)
 *crtbegin?.o(.ctors)
 *(EXCLUDE_FILE(*crtend?.o *crtend.o) .ctors)
 *(SORT_BY_NAME(.ctors.*))
 *(.ctors)

.dtors
 *crtbegin.o(.dtors)
 *crtbegin?.o(.dtors)
 *(EXCLUDE_FILE(*crtend?.o *crtend.o) .dtors)
 *(SORT_BY_NAME(.dtors.*))
 *(.dtors)

.jcr
 *(.jcr)

.data.rel.ro
 *(.data.rel.ro.local* .gnu.linkonce.d.rel.ro.local.*)
 *(.data.rel.ro .data.rel.ro.* .gnu.linkonce.d.rel.ro.*)

.dynamic
 *(.dynamic)

.got            0x00000000c0003cc0        0x0
 *(.got)
 .got           0x00000000c0003cc0        0x0 out/main.o
 *(.igot)
                0x00000000c0003cc0                . = DATA_SEGMENT_RELRO_END (., (SIZEOF (.got.plt) >= 0xc)?0xc:0x0)

.got.plt        0x00000000c0003cc0        0x0
 *(.got.plt)
 .got.plt       0x00000000c0003cc0        0x0 out/main.o
 *(.igot.plt)
 .igot.plt      0x00000000c0003cc0        0x0 out/main.o

.data           0x00000000c0003cc0       0xa0
 *(.data .data.* .gnu.linkonce.d.*)
 .data          0x00000000c0003cc0       0x96 out/kernel.o
                0x00000000c0003cd2                intr_entry_table
 *fill*         0x00000000c0003d56        0x2 
 .data          0x00000000c0003d58        0x8 out/print.o

.data1
 *(.data1)
                0x00000000c0003d60                _edata = .
                [!provide]                        PROVIDE (edata = .)
                0x00000000c0003d60                . = .
                0x00000000c0003d60                __bss_start = .

.bss            0x00000000c0003d60      0x210
 *(.dynbss)
 *(.bss .bss.* .gnu.linkonce.b.*)
 .bss           0x00000000c0003d60      0x210 out/interrupt.o
                0x00000000c0003e68                intr_name
                0x00000000c0003eec                idt_table
 *(COMMON)
                0x00000000c0003f70                . = ALIGN ((. != 0x0)?0x4:0x1)
                0x00000000c0003f70                . = ALIGN (0x4)
                0x00000000c0003f70                . = SEGMENT_START ("ldata-segment", .)
                0x00000000c0003f70                . = ALIGN (0x4)
                0x00000000c0003f70                _end = .
                [!provide]                        PROVIDE (end = .)
                0x00000000c0003f70                . = DATA_SEGMENT_END (.)

.stab
 *(.stab)

.stabstr
 *(.stabstr)

.stab.excl
 *(.stab.excl)

.stab.exclstr
 *(.stab.exclstr)

.stab.index
 *(.stab.index)

.stab.indexstr
 *(.stab.indexstr)

.comment        0x0000000000000000       0x31
 *(.comment)
 .comment       0x0000000000000000       0x31 out/main.o
                                         0x32 (size before relaxing)
 .comment       0x0000000000000031       0x32 out/init.o
 .comment       0x0000000000000031       0x32 out/interrupt.o
 .comment       0x0000000000000031       0x32 out/debug.o
 .comment       0x0000000000000031       0x32 out/string.o

.gnu.build.attributes
 *(.gnu.build.attributes .gnu.build.attributes.*)

.debug
 *(.debug)

.line
 *(.line)

.debug_srcinfo
 *(.debug_srcinfo)

.debug_sfnames
 *(.debug_sfnames)

.debug_aranges
 *(.debug_aranges)

.debug_pubnames
 *(.debug_pubnames)

.debug_info
 *(.debug_info .gnu.linkonce.wi.*)

.debug_abbrev
 *(.debug_abbrev)

.debug_line
 *(.debug_line .debug_line.* .debug_line_end)

.debug_frame
 *(.debug_frame)

.debug_str
 *(.debug_str)

.debug_loc
 *(.debug_loc)

.debug_macinfo
 *(.debug_macinfo)

.debug_weaknames
 *(.debug_weaknames)

.debug_funcnames
 *(.debug_funcnames)

.debug_typenames
 *(.debug_typenames)

.debug_varnames
 *(.debug_varnames)

.debug_pubtypes
 *(.debug_pubtypes)

.debug_ranges
 *(.debug_ranges)

.debug_addr
 *(.debug_addr)

.debug_line_str
 *(.debug_line_str)

.debug_loclists
 *(.debug_loclists)

.debug_macro
 *(.debug_macro)

.debug_names
 *(.debug_names)

.debug_rnglists
 *(.debug_rnglists)

.debug_str_offsets
 *(.debug_str_offsets)

.debug_sup
 *(.debug_sup)

.gnu.attributes
 *(.gnu.attributes)

/DISCARD/
 *(.note.GNU-stack)
 *(.gnu_debuglink)
 *(.gnu.lto_*)
OUTPUT(out/kernel.bin elf32-i386)
